[debug] [2025-05-18T06:03:22.994Z] ----------------------------------------------------------------------
[debug] [2025-05-18T06:03:22.996Z] Command:       C:\Program Files\nodejs\node.exe C:\Users\sahil choudhary\AppData\Roaming\npm\node_modules\firebase-tools\lib\bin\firebase.js init
[debug] [2025-05-18T06:03:22.997Z] CLI Version:   14.4.0
[debug] [2025-05-18T06:03:22.997Z] Platform:      win32
[debug] [2025-05-18T06:03:22.997Z] Node Version:  v23.10.0
[debug] [2025-05-18T06:03:22.997Z] Time:          Sun May 18 2025 11:33:22 GMT+0530 (India Standard Time)
[debug] [2025-05-18T06:03:22.997Z] ----------------------------------------------------------------------
[debug] 
[debug] [2025-05-18T06:03:23.002Z] > command requires scopes: ["email","openid","https://www.googleapis.com/auth/cloudplatformprojects.readonly","https://www.googleapis.com/auth/firebase","https://www.googleapis.com/auth/cloud-platform"]
[debug] [2025-05-18T06:03:23.002Z] > authorizing via signed-in user (masoomchoudhary4124@gmail.com)
[info] 
     ######## #### ########  ######## ########     ###     ######  ########
     ##        ##  ##     ## ##       ##     ##  ##   ##  ##       ##
     ######    ##  ########  ######   ########  #########  ######  ######
     ##        ##  ##    ##  ##       ##     ## ##     ##       ## ##
     ##       #### ##     ## ######## ########  ##     ##  ######  ########

You're about to initialize a Firebase project in this directory:

  D:\Firebase\TRY\react-firebase-auth-boilerplate\Frontend

[info] 
=== Project Setup
[info] 
[info] First, let's associate this project directory with a Firebase project.
[info] You can create multiple project aliases by running firebase use --add, 
[info] but for now we'll just set up a default project.
[info] 
[debug] [2025-05-18T06:03:34.214Z] Checked if tokens are valid: true, expires at: 1747551213236
[debug] [2025-05-18T06:03:34.214Z] Checked if tokens are valid: true, expires at: 1747551213236
[debug] [2025-05-18T06:03:34.216Z] >>> [apiv2][query] GET https://firebase.googleapis.com/v1beta1/projects pageSize=100
[debug] [2025-05-18T06:03:35.366Z] <<< [apiv2][status] GET https://firebase.googleapis.com/v1beta1/projects 200
[debug] [2025-05-18T06:03:35.366Z] <<< [apiv2][body] GET https://firebase.googleapis.com/v1beta1/projects [omitted]
[debug] [2025-05-18T06:03:48.367Z] ExitPromptError: User force closed the prompt with SIGINT
    at Interface.sigint (C:\Users\sahil choudhary\AppData\Roaming\npm\node_modules\firebase-tools\node_modules\@inquirer\core\dist\commonjs\lib\create-prompt.js:100:37)
    at Interface.emit (node:events:507:28)
    at Interface.emit (node:domain:489:12)
    at [_ttyWrite] [as _ttyWrite] (node:internal/readline/interface:1129:18)
    at ReadStream.onkeypress (node:internal/readline/interface:268:20)
    at ReadStream.emit (node:events:519:35)
    at ReadStream.emit (node:domain:489:12)
    at emitKeys (node:internal/readline/utils:370:14)
    at emitKeys.next (<anonymous>)
    at ReadStream.onData (node:internal/readline/emitKeypressEvents:64:36)
[error] 
[error] Error: An unexpected error has occurred.
[debug] [2025-05-18T06:17:55.671Z] ----------------------------------------------------------------------
[debug] [2025-05-18T06:17:55.673Z] Command:       C:\Program Files\nodejs\node.exe C:\Users\sahil choudhary\AppData\Roaming\npm\node_modules\firebase-tools\lib\bin\firebase.js init
[debug] [2025-05-18T06:17:55.673Z] CLI Version:   14.4.0
[debug] [2025-05-18T06:17:55.673Z] Platform:      win32
[debug] [2025-05-18T06:17:55.673Z] Node Version:  v23.10.0
[debug] [2025-05-18T06:17:55.674Z] Time:          Sun May 18 2025 11:47:55 GMT+0530 (India Standard Time)
[debug] [2025-05-18T06:17:55.674Z] ----------------------------------------------------------------------
[debug] 
[debug] [2025-05-18T06:17:55.678Z] > command requires scopes: ["email","openid","https://www.googleapis.com/auth/cloudplatformprojects.readonly","https://www.googleapis.com/auth/firebase","https://www.googleapis.com/auth/cloud-platform"]
[debug] [2025-05-18T06:17:55.678Z] > authorizing via signed-in user (masoomchoudhary4124@gmail.com)
[info] 
     ######## #### ########  ######## ########     ###     ######  ########
     ##        ##  ##     ## ##       ##     ##  ##   ##  ##       ##
     ######    ##  ########  ######   ########  #########  ######  ######
     ##        ##  ##    ##  ##       ##     ## ##     ##       ## ##
     ##       #### ##     ## ######## ########  ##     ##  ######  ########

You're about to initialize a Firebase project in this directory:

  D:\Firebase\TRY\react-firebase-auth-boilerplate\Frontend

[info] 
=== Project Setup
[info] 
[info] First, let's associate this project directory with a Firebase project.
[info] You can create multiple project aliases by running firebase use --add, 
[info] but for now we'll just set up a default project.
[info] 
[debug] [2025-05-18T06:18:07.807Z] Checked if tokens are valid: true, expires at: 1747551213236
[debug] [2025-05-18T06:18:07.807Z] Checked if tokens are valid: true, expires at: 1747551213236
[debug] [2025-05-18T06:18:07.809Z] >>> [apiv2][query] GET https://firebase.googleapis.com/v1beta1/projects pageSize=100
[debug] [2025-05-18T06:18:08.839Z] <<< [apiv2][status] GET https://firebase.googleapis.com/v1beta1/projects 200
[debug] [2025-05-18T06:18:08.839Z] <<< [apiv2][body] GET https://firebase.googleapis.com/v1beta1/projects [omitted]
[debug] [2025-05-18T06:19:36.494Z] ExitPromptError: User force closed the prompt with SIGINT
    at Interface.sigint (C:\Users\sahil choudhary\AppData\Roaming\npm\node_modules\firebase-tools\node_modules\@inquirer\core\dist\commonjs\lib\create-prompt.js:100:37)
    at Interface.emit (node:events:507:28)
    at Interface.emit (node:domain:489:12)
    at [_ttyWrite] [as _ttyWrite] (node:internal/readline/interface:1129:18)
    at ReadStream.onkeypress (node:internal/readline/interface:268:20)
    at ReadStream.emit (node:events:519:35)
    at ReadStream.emit (node:domain:489:12)
    at emitKeys (node:internal/readline/utils:370:14)
    at emitKeys.next (<anonymous>)
    at ReadStream.onData (node:internal/readline/emitKeypressEvents:64:36)
[error] 
[error] Error: An unexpected error has occurred.
